DFT_MKL_DOUBLE = \
real_1d_double_ex1 real_1d_double_ex2 real_1d_double_ex4 real_1d_double_ex5 real_1d_double_ex6 real_1d_double_ex8 \
real_2d_double_ex2 real_2d_double_ex4 real_2d_double_ex6 real_2d_double_ex8 real_2d_double_ex10 \
real_3d_double_ex2 real_3d_double_ex4 real_3d_double_ex6 real_3d_double_ex8 real_3d_double_ex10 \
\
complex_1d_double_ex1 complex_1d_double_ex2 complex_1d_double_ex3 complex_1d_double_ex4 \
complex_1d_double_ex5 complex_1d_double_ex6 complex_1d_double_ex7 complex_1d_double_ex8 \
complex_2d_double_ex1 complex_2d_double_ex2 complex_2d_double_ex3 complex_2d_double_ex4 \
complex_2d_double_ex5 complex_2d_double_ex6 complex_2d_double_ex7 complex_2d_double_ex8 \
complex_3d_double_ex1 complex_3d_double_ex2 complex_3d_double_ex3 complex_3d_double_ex4 \
complex_3d_double_ex5 complex_3d_double_ex6 complex_3d_double_ex7 complex_3d_double_ex8 \

DFT_MKL_SINGLE = \
real_1d_single_ex1 real_1d_single_ex2 real_1d_single_ex4 real_1d_single_ex5 real_1d_single_ex6 real_1d_single_ex8 \
real_2d_single_ex2 real_2d_single_ex4 real_2d_single_ex6 real_2d_single_ex8 real_2d_single_ex10 \
real_3d_single_ex2 real_3d_single_ex4 real_3d_single_ex6 real_3d_single_ex8 real_3d_single_ex10 \
\
complex_1d_single_ex1 complex_1d_single_ex2 complex_1d_single_ex3 complex_1d_single_ex4 \
complex_1d_single_ex5 complex_1d_single_ex6 complex_1d_single_ex7 complex_1d_single_ex8 \
complex_2d_single_ex1 complex_2d_single_ex2 complex_2d_single_ex3 complex_2d_single_ex4 \
complex_2d_single_ex5 complex_2d_single_ex6 complex_2d_single_ex7 complex_2d_single_ex8 \
complex_3d_single_ex1 complex_3d_single_ex2 complex_3d_single_ex3 complex_3d_single_ex4 \
complex_3d_single_ex5 complex_3d_single_ex6 complex_3d_single_ex7 complex_3d_single_ex8
