WRAP = \
fftw_version fftw_cleanup fftw_cleanup_threads fftw_destroy_plan \
fftw_execute fftw_execute_dft fftw_execute_dft_c2r fftw_execute_dft_r2c fftw_execute_r2r \
fftw_execute_split_dft fftw_execute_split_dft_c2r fftw_execute_split_dft_r2c \
fftw_export_wisdom fftw_export_wisdom_to_file fftw_export_wisdom_to_string \
fftw_flops fftw_forget_wisdom fftw_fprint_plan fftw_free \
fftw_import_system_wisdom fftw_import_wisdom fftw_import_wisdom_from_file fftw_import_wisdom_from_string \
fftw_init_threads fftw_malloc \
fftw_plan_dft fftw_plan_dft_1d fftw_plan_dft_2d fftw_plan_dft_3d fftw_plan_dft_c2r \
fftw_plan_dft_c2r_1d fftw_plan_dft_c2r_2d fftw_plan_dft_c2r_3d fftw_plan_dft_r2c \
fftw_plan_dft_r2c_1d fftw_plan_dft_r2c_2d fftw_plan_dft_r2c_3d \
fftw_plan_guru_dft fftw_plan_guru_dft_c2r fftw_plan_guru_dft_r2c fftw_plan_guru_r2r \
fftw_plan_guru_split_dft fftw_plan_guru_split_dft_c2r fftw_plan_guru_split_dft_r2c \
fftw_plan_many_dft fftw_plan_many_dft_c2r fftw_plan_many_dft_r2c fftw_plan_many_r2r \
fftw_plan_r2r fftw_plan_r2r_1d fftw_plan_r2r_2d fftw_plan_r2r_3d fftw_plan_with_nthreads fftw_print_plan \
\
fftwf_version fftwf_cleanup fftwf_cleanup_threads fftwf_destroy_plan \
fftwf_execute fftwf_execute_dft fftwf_execute_dft_c2r fftwf_execute_dft_r2c fftwf_execute_r2r \
fftwf_execute_split_dft fftwf_execute_split_dft_c2r fftwf_execute_split_dft_r2c \
fftwf_export_wisdom fftwf_export_wisdom_to_file fftwf_export_wisdom_to_string \
fftwf_flops fftwf_forget_wisdom fftwf_fprint_plan fftwf_free \
fftwf_import_system_wisdom fftwf_import_wisdom fftwf_import_wisdom_from_file fftwf_import_wisdom_from_string \
fftwf_init_threads fftwf_malloc \
fftwf_plan_dft fftwf_plan_dft_1d fftwf_plan_dft_2d fftwf_plan_dft_3d fftwf_plan_dft_c2r \
fftwf_plan_dft_c2r_1d fftwf_plan_dft_c2r_2d fftwf_plan_dft_c2r_3d fftwf_plan_dft_r2c \
fftwf_plan_dft_r2c_1d fftwf_plan_dft_r2c_2d fftwf_plan_dft_r2c_3d \
fftwf_plan_guru_dft fftwf_plan_guru_dft_c2r fftwf_plan_guru_dft_r2c fftwf_plan_guru_r2r \
fftwf_plan_guru_split_dft fftwf_plan_guru_split_dft_c2r fftwf_plan_guru_split_dft_r2c \
fftwf_plan_many_dft fftwf_plan_many_dft_c2r fftwf_plan_many_dft_r2c fftwf_plan_many_r2r \
fftwf_plan_r2r fftwf_plan_r2r_1d fftwf_plan_r2r_2d fftwf_plan_r2r_3d fftwf_plan_with_nthreads fftwf_print_plan \
\
fftwl_version fftwl_cleanup fftwl_cleanup_threads fftwl_destroy_plan \
fftwl_execute fftwl_execute_dft fftwl_execute_dft_c2r fftwl_execute_dft_r2c fftwl_execute_r2r \
fftwl_execute_split_dft fftwl_execute_split_dft_c2r fftwl_execute_split_dft_r2c \
fftwl_export_wisdom fftwl_export_wisdom_to_file fftwl_export_wisdom_to_string \
fftwl_flops fftwl_forget_wisdom fftwl_fprint_plan fftwl_free \
fftwl_import_system_wisdom fftwl_import_wisdom fftwl_import_wisdom_from_file fftwl_import_wisdom_from_string \
fftwl_init_threads fftwl_malloc \
fftwl_plan_dft fftwl_plan_dft_1d fftwl_plan_dft_2d fftwl_plan_dft_3d fftwl_plan_dft_c2r \
fftwl_plan_dft_c2r_1d fftwl_plan_dft_c2r_2d fftwl_plan_dft_c2r_3d fftwl_plan_dft_r2c \
fftwl_plan_dft_r2c_1d fftwl_plan_dft_r2c_2d fftwl_plan_dft_r2c_3d \
fftwl_plan_guru_dft fftwl_plan_guru_dft_c2r fftwl_plan_guru_dft_r2c fftwl_plan_guru_r2r \
fftwl_plan_guru_split_dft fftwl_plan_guru_split_dft_c2r fftwl_plan_guru_split_dft_r2c \
fftwl_plan_many_dft fftwl_plan_many_dft_c2r fftwl_plan_many_dft_r2c fftwl_plan_many_r2r \
fftwl_plan_r2r fftwl_plan_r2r_1d fftwl_plan_r2r_2d fftwl_plan_r2r_3d fftwl_plan_with_nthreads fftwl_print_plan \
tt_fftw_in_to_out tt_fftw_norm tt_fftw_in_to_out_s tt_fftw_norm_s
