GMP_C = \
mpz_abs_example \
mpz_add_example \
mpz_add_ui_example \
mpz_addmul_example \
mpz_addmul_ui_example \
mpz_and_example \
mpz_bin_ui_example \
mpz_bin_uiui_example \
mpz_cdiv_q_2exp_example \
mpz_cdiv_q_example \
mpz_cdiv_q_ui_example \
mpz_cdiv_qr_example \
mpz_cdiv_qr_ui_example \
mpz_cdiv_r_2exp_example \
mpz_cdiv_r_example \
mpz_cdiv_r_ui_example \
mpz_cdiv_ui_example \
mpz_clrbit_example \
mpz_cmp_d_example \
mpz_cmp_example \
mpz_cmp_si_example \
mpz_cmp_ui_example \
mpz_cmpabs_d_example \
mpz_cmpabs_example \
mpz_cmpabs_ui_example \
mpz_com_example \
mpz_congruent_2exp_p_example \
mpz_congruent_p_example \
mpz_congruent_ui_p_example \
mpz_divexact_example \
mpz_divexact_ui_example \
mpz_divisible_2exp_p_example \
mpz_divisible_p_example \
mpz_divisible_ui_p_example \
mpz_even_p_example \
mpz_fac_ui_example \
mpz_fdiv_q_2exp_example \
mpz_fdiv_q_example \
mpz_fdiv_q_ui_example \
mpz_fdiv_qr_example \
mpz_fdiv_qr_ui_example \
mpz_fdiv_r_2exp_example \
mpz_fdiv_r_example \
mpz_fdiv_r_ui_example \
mpz_fdiv_ui_example \
mpz_fib2_ui_example \
mpz_fib_ui_example \
mpz_fits_sint_p_example \
mpz_fits_slong_p_example \
mpz_fits_sshort_p_example \
mpz_fits_uint_p_example \
mpz_fits_ulong_p_example \
mpz_fits_ushort_p_example \
mpz_gcd_example \
mpz_gcd_ui_example \
mpz_gcdext_example \
mpz_get_d_example \
mpz_get_si_example \
mpz_get_ui_example \
mpz_hamdist_example \
mpz_invert_example \
mpz_ior_example \
mpz_jacobi_example \
mpz_kronecker_example \
mpz_kronecker_si_example \
mpz_kronecker_ui_example \
mpz_lcm_example \
mpz_lcm_ui_example \
mpz_legendre_example \
mpz_lucnum2_ui_example \
mpz_lucnum_ui_example \
mpz_mod_example \
mpz_mod_ui_example \
mpz_mul_2exp_example \
mpz_mul_example \
mpz_mul_si_example \
mpz_mul_ui_example \
mpz_neg_example \
mpz_nextprime_example \
mpz_odd_p_example \
mpz_out_and_inp_raw_example \
mpz_out_str_example \
mpz_perfect_power_p_example \
mpz_perfect_square_p_example \
mpz_popcount_example \
mpz_pow_ui_example \
mpz_powm_example \
mpz_powm_ui_example \
mpz_probab_prime_p_example \
mpz_remove_example \
mpz_root_example \
mpz_rrandomb_example \
mpz_scan0_example \
mpz_scan1_example \
mpz_set_d_example \
mpz_set_example \
mpz_set_si_example \
mpz_set_str_example \
mpz_set_ui_example \
mpz_setbit_example \
mpz_sgn_example \
mpz_si_kronecker_example \
mpz_sqrt_example \
mpz_sqrtrem_example \
mpz_sub_example \
mpz_sub_ui_example \
mpz_submul_example \
mpz_submul_ui_example \
mpz_swap_example \
mpz_tdiv_q_2exp_example \
mpz_tdiv_q_example \
mpz_tdiv_q_ui_example \
mpz_tdiv_qr_example \
mpz_tdiv_qr_ui_example \
mpz_tdiv_r_2exp_example \
mpz_tdiv_r_example \
mpz_tdiv_r_ui_example \
mpz_tdiv_ui_example \
mpz_tstbit_example \
mpz_ui_kronecker_example \
mpz_ui_pow_ui_example \
mpz_ui_sub_example \
mpz_urandomb_example \
mpz_urandomm_example \
mpz_xor_example
